---
source: src/tui/widgets/popups/new_instance/render.rs
expression: terminal.backend()
---
"╭新建实例──────────────────────────────────────────────────╮" Hidden by multi-width symbols: [(2, " "), (4, " "), (6, " "), (8, " ")]
"│▶ 1.20.1                                                  │"
"│  1.19.4                                                  │"
"│  1.18.2                                                  │"
"│                                                          │"
"│                                                          │"
"│                                                          │"
"│                                                          │"
"│                                                          │"
"│                                                          │"
"│                                                          │"
"│                                                          │"
"│                                                          │"
"╰────────────────[/] 搜索  [s] 快照  [h] 返回  [Enter] 选择╯" Hidden by multi-width symbols: [(22, " "), (24, " "), (32, " "), (34, " "), (42, " "), (44, " "), (56, " "), (58, " ")]
