---
source: src/tui/widgets/popups/new_instance/render.rs
expression: terminal.backend()
---
"╭新建实例──────────────────────────────────────────────────╮" Hidden by multi-width symbols: [(2, " "), (4, " "), (6, " "), (8, " ")]
"│▶ 47.2.0                                                  │"
"│  47.1.0                                                  │"
"│  47.0.50                                                 │"
"│                                                          │"
"│                                                          │"
"│                                                          │"
"│                                                          │"
"│                                                          │"
"│                                                          │"
"│                                                          │"
"│                                                          │"
"│                                                          │"
"╰────────────────────────────────────[h] 返回  [Enter] 选择╯" Hidden by multi-width symbols: [(42, " "), (44, " "), (56, " "), (58, " ")]
