---
source: src/tui/widgets/popups/error.rs
expression: term.backend()
---
"╭ 错误 ────────────────────────────────╮" Hidden by multi-width symbols: [(3, " "), (5, " ")]
"│Connection refused                    │"
"│                                      │"
"│                                      │"
"╰──────────────────────────────────────╯"
